// Jest Snapshot v1, https://goo.gl/fbAQLP

exports[`the home component  handle going back to next page  1`] = `
<Home
  history={
    Object {
      "push": [Function],
    }
  }
  loadRecipes={[Function]}
  recipes={
    Array [
      Object {
        "recipe_id": 1,
        "title": "Lorem",
      },
    ]
  }
>
  <div
    className="Home"
  >
    <div
      className="col-xs-12 col-sm-6 pull-right"
    >
      <div
        className="input-group mb-2 mb-sm-0"
      >
        <div
          className="input-group-addon"
        >
          Search
        </div>
        <input
          className="form-control"
          id="search"
          onChange={[Function]}
          onKeyUp={[Function]}
          placeholder="Enter your search key words here!"
          type="text"
        />
      </div>
    </div>
    <div>
      <div
        className="col-xs-12"
      >
        <div
          className="Home jumbotron"
          id="search-bar"
        >
          <h3>
            No recipes matched your query.
          </h3>
        </div>
        <hr />
        <Recipes
          key="1"
          recipe_id={1}
          title="Lorem"
        >
          <div
            className="jumbotron"
          >
            <h3>
              Lorem
            </h3>
            <em>
              Added by 
              <span
                className="fa fa-user"
              />
               
               about 
              <span
                className="fa fa-calendar"
              />
               
              <Since
                live={true}
              />
               | Category: 
              <a
                className="btn btn-primary pull-right"
                href="/recipe/1"
                id="review"
              >
                Review
              </a>
            </em>
            <div>
              <h3>
                Ingredients
              </h3>
              <small />
              <h3>
                Steps
              </h3>
              <small />
              <br />
              <br />
              <div
                className="btn-group"
                id="btn-group"
              >
                <button
                  className="btn btn-default btn-xs"
                  type="button"
                >
                  <span
                    className="fa fa-comment-o"
                  />
                   Reviews:
                </button>
                <button
                  className="btn btn-default btn-xs"
                  type="button"
                >
                  <span
                    className="fa fa-thumbs-o-up"
                  />
                   Upvotes:
                </button>
              </div>
            </div>
          </div>
        </Recipes>
      </div>
      <div
        className="col-xs-11 col-sm-3 pull-right"
      >
        <ul
          className="pagination"
        >
          <li>
            <a
              className="page-link"
              id="prevPage"
              onClick={[Function]}
            >
              Previous
            </a>
          </li>
          <li>
            <a
              className="page-link"
              id="nextPage"
              onClick={[Function]}
            >
              Next
            </a>
            <a
              className="page-link"
            >
              Showing 
               of 
            </a>
          </li>
        </ul>
      </div>
    </div>
    <div />
  </div>
</Home>
`;

exports[`the home component  handle going back to previous page  1`] = `
<Home
  history={
    Object {
      "push": [Function],
    }
  }
  loadRecipes={[Function]}
  recipes={
    Array [
      Object {
        "recipe_id": 1,
        "title": "Lorem",
      },
    ]
  }
>
  <div
    className="Home"
  >
    <div
      className="col-xs-12 col-sm-6 pull-right"
    >
      <div
        className="input-group mb-2 mb-sm-0"
      >
        <div
          className="input-group-addon"
        >
          Search
        </div>
        <input
          className="form-control"
          id="search"
          onChange={[Function]}
          onKeyUp={[Function]}
          placeholder="Enter your search key words here!"
          type="text"
        />
      </div>
    </div>
    <div>
      <div
        className="col-xs-12"
      >
        <div
          className="Home jumbotron"
          id="search-bar"
        >
          <h3>
            No recipes matched your query.
          </h3>
        </div>
        <hr />
        <Recipes
          key="1"
          recipe_id={1}
          title="Lorem"
        >
          <div
            className="jumbotron"
          >
            <h3>
              Lorem
            </h3>
            <em>
              Added by 
              <span
                className="fa fa-user"
              />
               
               about 
              <span
                className="fa fa-calendar"
              />
               
              <Since
                live={true}
              />
               | Category: 
              <a
                className="btn btn-primary pull-right"
                href="/recipe/1"
                id="review"
              >
                Review
              </a>
            </em>
            <div>
              <h3>
                Ingredients
              </h3>
              <small />
              <h3>
                Steps
              </h3>
              <small />
              <br />
              <br />
              <div
                className="btn-group"
                id="btn-group"
              >
                <button
                  className="btn btn-default btn-xs"
                  type="button"
                >
                  <span
                    className="fa fa-comment-o"
                  />
                   Reviews:
                </button>
                <button
                  className="btn btn-default btn-xs"
                  type="button"
                >
                  <span
                    className="fa fa-thumbs-o-up"
                  />
                   Upvotes:
                </button>
              </div>
            </div>
          </div>
        </Recipes>
      </div>
      <div
        className="col-xs-11 col-sm-3 pull-right"
      >
        <ul
          className="pagination"
        >
          <li>
            <a
              className="page-link"
              id="prevPage"
              onClick={[Function]}
            >
              Previous
            </a>
          </li>
          <li>
            <a
              className="page-link"
              id="nextPage"
              onClick={[Function]}
            >
              Next
            </a>
            <a
              className="page-link"
            >
              Showing 
               of 
            </a>
          </li>
        </ul>
      </div>
    </div>
    <div />
  </div>
</Home>
`;

exports[`the home component  handle going to the review page  1`] = `
<Home
  history={
    Object {
      "push": [Function],
    }
  }
  loadRecipes={[Function]}
  recipes={
    Array [
      Object {
        "recipe_id": 1,
        "title": "Lorem",
      },
    ]
  }
>
  <div
    className="Home"
  >
    <div
      className="col-xs-12 col-sm-6 pull-right"
    >
      <div
        className="input-group mb-2 mb-sm-0"
      >
        <div
          className="input-group-addon"
        >
          Search
        </div>
        <input
          className="form-control"
          id="search"
          onChange={[Function]}
          onKeyUp={[Function]}
          placeholder="Enter your search key words here!"
          type="text"
        />
      </div>
    </div>
    <div>
      <div
        className="col-xs-12"
      >
        <div
          className="Home jumbotron"
          id="search-bar"
        >
          <h3>
            No recipes matched your query.
          </h3>
        </div>
        <hr />
        <Recipes
          key="1"
          recipe_id={1}
          title="Lorem"
        >
          <div
            className="jumbotron"
          >
            <h3>
              Lorem
            </h3>
            <em>
              Added by 
              <span
                className="fa fa-user"
              />
               
               about 
              <span
                className="fa fa-calendar"
              />
               
              <Since
                live={true}
              />
               | Category: 
              <a
                className="btn btn-primary pull-right"
                href="/recipe/1"
                id="review"
              >
                Review
              </a>
            </em>
            <div>
              <h3>
                Ingredients
              </h3>
              <small />
              <h3>
                Steps
              </h3>
              <small />
              <br />
              <br />
              <div
                className="btn-group"
                id="btn-group"
              >
                <button
                  className="btn btn-default btn-xs"
                  type="button"
                >
                  <span
                    className="fa fa-comment-o"
                  />
                   Reviews:
                </button>
                <button
                  className="btn btn-default btn-xs"
                  type="button"
                >
                  <span
                    className="fa fa-thumbs-o-up"
                  />
                   Upvotes:
                </button>
              </div>
            </div>
          </div>
        </Recipes>
      </div>
      <div
        className="col-xs-11 col-sm-3 pull-right"
      >
        <ul
          className="pagination"
        >
          <li>
            <a
              className="page-link"
              id="prevPage"
              onClick={[Function]}
            >
              Previous
            </a>
          </li>
          <li>
            <a
              className="page-link"
              id="nextPage"
              onClick={[Function]}
            >
              Next
            </a>
            <a
              className="page-link"
            >
              Showing 
               of 
            </a>
          </li>
        </ul>
      </div>
    </div>
    <div />
  </div>
</Home>
`;

exports[`the home component  handles search feature  1`] = `
<Home
  history={
    Object {
      "push": [Function],
    }
  }
  loadRecipes={[Function]}
  recipes={
    Array [
      Object {
        "recipe_id": 1,
        "title": "Lorem",
      },
    ]
  }
>
  <div
    className="Home"
  >
    <div
      className="col-xs-12 col-sm-6 pull-right"
    >
      <div
        className="input-group mb-2 mb-sm-0"
      >
        <div
          className="input-group-addon"
        >
          Search
        </div>
        <input
          className="form-control"
          id="search"
          onChange={[Function]}
          onKeyUp={[Function]}
          placeholder="Enter your search key words here!"
          type="text"
        />
      </div>
    </div>
    <div>
      <div
        className="col-xs-12"
      >
        <div
          className="Home jumbotron"
          id="search-bar"
        >
          <h3>
            No recipes matched your query.
          </h3>
        </div>
        <hr />
        <Recipes
          key="1"
          recipe_id={1}
          title="Lorem"
        >
          <div
            className="jumbotron"
          >
            <h3>
              Lorem
            </h3>
            <em>
              Added by 
              <span
                className="fa fa-user"
              />
               
               about 
              <span
                className="fa fa-calendar"
              />
               
              <Since
                live={true}
              />
               | Category: 
              <a
                className="btn btn-primary pull-right"
                href="/recipe/1"
                id="review"
              >
                Review
              </a>
            </em>
            <div>
              <h3>
                Ingredients
              </h3>
              <small />
              <h3>
                Steps
              </h3>
              <small />
              <br />
              <br />
              <div
                className="btn-group"
                id="btn-group"
              >
                <button
                  className="btn btn-default btn-xs"
                  type="button"
                >
                  <span
                    className="fa fa-comment-o"
                  />
                   Reviews:
                </button>
                <button
                  className="btn btn-default btn-xs"
                  type="button"
                >
                  <span
                    className="fa fa-thumbs-o-up"
                  />
                   Upvotes:
                </button>
              </div>
            </div>
          </div>
        </Recipes>
      </div>
      <div
        className="col-xs-11 col-sm-3 pull-right"
      >
        <ul
          className="pagination"
        >
          <li>
            <a
              className="page-link"
              id="prevPage"
              onClick={[Function]}
            >
              Previous
            </a>
          </li>
          <li>
            <a
              className="page-link"
              id="nextPage"
              onClick={[Function]}
            >
              Next
            </a>
            <a
              className="page-link"
            >
              Showing 
               of 
            </a>
          </li>
        </ul>
      </div>
    </div>
    <div />
  </div>
</Home>
`;
